13:56:49 **** Incremental Build of configuration Debug for project PD_Controller ****
make -j12 all 
arm-none-eabi-gcc "../Core/Src/main.c" -mcpu=cortex-m0 -std=gnu11 -g3 -DDEBUG -DUSE_HAL_DRIVER -DSTM32F072xB -c -I../Core/Inc -I../Drivers/STM32F0xx_HAL_Driver/Inc -I../Drivers/STM32F0xx_HAL_Driver/Inc/Legacy -I../Drivers/CMSIS/Device/ST/STM32F0xx/Include -I../Drivers/CMSIS/Include -O0 -ffunction-sections -fdata-sections -Wall -fstack-usage -fcyclomatic-complexity -MMD -MP -MF"Core/Src/main.d" -MT"Core/Src/main.o" --specs=nano.specs -mfloat-abi=soft -mthumb -o "Core/Src/main.o"
../Core/Src/main.c: In function 'main':
../Core/Src/main.c:139:28: warning: pointer targets in passing argument 1 of 'terminal_receive' differ in signedness [-Wpointer-sign]
  139 |           terminal_receive(rxBuff, sizeof(rxBuff));
      |                            ^~~~~~
      |                            |
      |                            char *
In file included from ../Core/Src/main.c:29:
../Core/Inc/terminal.h:23:32: note: expected 'uint8_t *' {aka 'unsigned char *'} but argument is of type 'char *'
   23 | void terminal_receive(uint8_t *rxBuff, size_t size);
      |                       ~~~~~~~~~^~~~~~
arm-none-eabi-gcc -o "PD_Controller.elf" @"objects.list"   -mcpu=cortex-m0 -T"C:\Users\jotto\GitRepo\Servo-Control-Project\PD_Controller\STM32F072RBTX_FLASH.ld" --specs=nosys.specs -Wl,-Map="PD_Controller.map" -Wl,--gc-sections -static -u _printf_float --specs=nano.specs -mfloat-abi=soft -mthumb -Wl,--start-group -lc -lm -Wl,--end-group
Finished building target: PD_Controller.elf
 
arm-none-eabi-size  PD_Controller.elf 
arm-none-eabi-objdump -h -S PD_Controller.elf  > "PD_Controller.list"
   text	   data	    bss	    dec	    hex	filename
  44476	    468	   2644	  47588	   b9e4	PD_Controller.elf
Finished building: default.size.stdout
 
Finished building: PD_Controller.list
 
14:46:06 **** Incremental Build of configuration Debug for project PD_Controller ****
make -j12 all 
arm-none-eabi-size  PD_Controller.elf 
   text	   data	    bss	    dec	    hex	filename
  44476	    468	   2644	  47588	   b9e4	PD_Controller.elf
Finished building: default.size.stdout
 
14:47:21 **** Incremental Build of configuration Debug for project PD_Controller ****
make -j12 all 
arm-none-eabi-gcc "../Core/Src/main.c" -mcpu=cortex-m0 -std=gnu11 -g3 -DDEBUG -DUSE_HAL_DRIVER -DSTM32F072xB -c -I../Core/Inc -I../Drivers/STM32F0xx_HAL_Driver/Inc -I../Drivers/STM32F0xx_HAL_Driver/Inc/Legacy -I../Drivers/CMSIS/Device/ST/STM32F0xx/Include -I../Drivers/CMSIS/Include -O0 -ffunction-sections -fdata-sections -Wall -fstack-usage -fcyclomatic-complexity -MMD -MP -MF"Core/Src/main.d" -MT"Core/Src/main.o" --specs=nano.specs -mfloat-abi=soft -mthumb -o "Core/Src/main.o"
../Core/Src/main.c: In function 'main':
../Core/Src/main.c:139:28: warning: pointer targets in passing argument 1 of 'terminal_receive' differ in signedness [-Wpointer-sign]
  139 |           terminal_receive(rxBuff, sizeof(rxBuff));
      |                            ^~~~~~
      |                            |
      |                            char *
In file included from ../Core/Src/main.c:29:
../Core/Inc/terminal.h:23:32: note: expected 'uint8_t *' {aka 'unsigned char *'} but argument is of type 'char *'
   23 | void terminal_receive(uint8_t *rxBuff, size_t size);
      |                       ~~~~~~~~~^~~~~~
arm-none-eabi-gcc -o "PD_Controller.elf" @"objects.list"   -mcpu=cortex-m0 -T"C:\Users\jotto\GitRepo\Servo-Control-Project\PD_Controller\STM32F072RBTX_FLASH.ld" --specs=nosys.specs -Wl,-Map="PD_Controller.map" -Wl,--gc-sections -static -u _printf_float --specs=nano.specs -mfloat-abi=soft -mthumb -Wl,--start-group -lc -lm -Wl,--end-group
Finished building target: PD_Controller.elf
 
arm-none-eabi-size  PD_Controller.elf 
arm-none-eabi-objdump -h -S PD_Controller.elf  > "PD_Controller.list"
   text	   data	    bss	    dec	    hex	filename
  44476	    468	   2644	  47588	   b9e4	PD_Controller.elf
Finished building: default.size.stdout
 
Finished building: PD_Controller.list
 
15:13:27 **** Incremental Build of configuration Debug for project PD_Controller ****
make -j12 all 
arm-none-eabi-size  PD_Controller.elf 
   text	   data	    bss	    dec	    hex	filename
  44476	    468	   2644	  47588	   b9e4	PD_Controller.elf
Finished building: default.size.stdout
 
15:17:19 **** Incremental Build of configuration Debug for project PD_Controller ****
make -j12 all 
arm-none-eabi-size  PD_Controller.elf 
   text	   data	    bss	    dec	    hex	filename
  44476	    468	   2644	  47588	   b9e4	PD_Controller.elf
Finished building: default.size.stdout
 
15:18:55 **** Incremental Build of configuration Debug for project PD_Controller ****
make -j12 all 
arm-none-eabi-size  PD_Controller.elf 
   text	   data	    bss	    dec	    hex	filename
  44476	    468	   2644	  47588	   b9e4	PD_Controller.elf
Finished building: default.size.stdout
 
15:23:19 **** Incremental Build of configuration Debug for project PD_Controller ****
make -j12 all 
arm-none-eabi-gcc "../Core/Src/main.c" -mcpu=cortex-m0 -std=gnu11 -g3 -DDEBUG -DUSE_HAL_DRIVER -DSTM32F072xB -c -I../Core/Inc -I../Drivers/STM32F0xx_HAL_Driver/Inc -I../Drivers/STM32F0xx_HAL_Driver/Inc/Legacy -I../Drivers/CMSIS/Device/ST/STM32F0xx/Include -I../Drivers/CMSIS/Include -O0 -ffunction-sections -fdata-sections -Wall -fstack-usage -fcyclomatic-complexity -MMD -MP -MF"Core/Src/main.d" -MT"Core/Src/main.o" --specs=nano.specs -mfloat-abi=soft -mthumb -o "Core/Src/main.o"
../Core/Src/main.c: In function 'main':
../Core/Src/main.c:139:28: warning: pointer targets in passing argument 1 of 'terminal_receive' differ in signedness [-Wpointer-sign]
  139 |           terminal_receive(rxBuff, sizeof(rxBuff));
      |                            ^~~~~~
      |                            |
      |                            char *
In file included from ../Core/Src/main.c:29:
../Core/Inc/terminal.h:23:32: note: expected 'uint8_t *' {aka 'unsigned char *'} but argument is of type 'char *'
   23 | void terminal_receive(uint8_t *rxBuff, size_t size);
      |                       ~~~~~~~~~^~~~~~
arm-none-eabi-gcc -o "PD_Controller.elf" @"objects.list"   -mcpu=cortex-m0 -T"C:\Users\jotto\GitRepo\Servo-Control-Project\PD_Controller\STM32F072RBTX_FLASH.ld" --specs=nosys.specs -Wl,-Map="PD_Controller.map" -Wl,--gc-sections -static -u _printf_float --specs=nano.specs -mfloat-abi=soft -mthumb -Wl,--start-group -lc -lm -Wl,--end-group
Finished building target: PD_Controller.elf
 
arm-none-eabi-size  PD_Controller.elf 
arm-none-eabi-objdump -h -S PD_Controller.elf  > "PD_Controller.list"
   text	   data	    bss	    dec	    hex	filename
  44472	    468	   2644	  47584	   b9e0	PD_Controller.elf
Finished building: default.size.stdout
 
Finished building: PD_Controller.list
 
15:24:07 **** Incremental Build of configuration Debug for project PD_Controller ****
make -j12 all 
arm-none-eabi-size  PD_Controller.elf 
   text	   data	    bss	    dec	    hex	filename
  44472	    468	   2644	  47584	   b9e0	PD_Controller.elf
Finished building: default.size.stdout
 
15:25:05 **** Incremental Build of configuration Debug for project PD_Controller ****
make -j12 all 
arm-none-eabi-gcc "../Core/Src/main.c" -mcpu=cortex-m0 -std=gnu11 -g3 -DDEBUG -DUSE_HAL_DRIVER -DSTM32F072xB -c -I../Core/Inc -I../Drivers/STM32F0xx_HAL_Driver/Inc -I../Drivers/STM32F0xx_HAL_Driver/Inc/Legacy -I../Drivers/CMSIS/Device/ST/STM32F0xx/Include -I../Drivers/CMSIS/Include -O0 -ffunction-sections -fdata-sections -Wall -fstack-usage -fcyclomatic-complexity -MMD -MP -MF"Core/Src/main.d" -MT"Core/Src/main.o" --specs=nano.specs -mfloat-abi=soft -mthumb -o "Core/Src/main.o"
../Core/Src/main.c: In function 'main':
../Core/Src/main.c:140:28: warning: pointer targets in passing argument 1 of 'terminal_receive' differ in signedness [-Wpointer-sign]
  140 |           terminal_receive(rxBuff, sizeof(rxBuff));
      |                            ^~~~~~
      |                            |
      |                            char *
In file included from ../Core/Src/main.c:29:
../Core/Inc/terminal.h:23:32: note: expected 'uint8_t *' {aka 'unsigned char *'} but argument is of type 'char *'
   23 | void terminal_receive(uint8_t *rxBuff, size_t size);
      |                       ~~~~~~~~~^~~~~~
arm-none-eabi-gcc -o "PD_Controller.elf" @"objects.list"   -mcpu=cortex-m0 -T"C:\Users\jotto\GitRepo\Servo-Control-Project\PD_Controller\STM32F072RBTX_FLASH.ld" --specs=nosys.specs -Wl,-Map="PD_Controller.map" -Wl,--gc-sections -static -u _printf_float --specs=nano.specs -mfloat-abi=soft -mthumb -Wl,--start-group -lc -lm -Wl,--end-group
Finished building target: PD_Controller.elf
 
arm-none-eabi-size  PD_Controller.elf 
arm-none-eabi-objdump -h -S PD_Controller.elf  > "PD_Controller.list"
   text	   data	    bss	    dec	    hex	filename
  44488	    468	   2652	  47608	   b9f8	PD_Controller.elf
Finished building: default.size.stdout
 
Finished building: PD_Controller.list
 
15:25:59 **** Incremental Build of configuration Debug for project PD_Controller ****
make -j12 all 
arm-none-eabi-gcc "../Core/Src/main.c" -mcpu=cortex-m0 -std=gnu11 -g3 -DDEBUG -DUSE_HAL_DRIVER -DSTM32F072xB -c -I../Core/Inc -I../Drivers/STM32F0xx_HAL_Driver/Inc -I../Drivers/STM32F0xx_HAL_Driver/Inc/Legacy -I../Drivers/CMSIS/Device/ST/STM32F0xx/Include -I../Drivers/CMSIS/Include -O0 -ffunction-sections -fdata-sections -Wall -fstack-usage -fcyclomatic-complexity -MMD -MP -MF"Core/Src/main.d" -MT"Core/Src/main.o" --specs=nano.specs -mfloat-abi=soft -mthumb -o "Core/Src/main.o"
../Core/Src/main.c: In function 'main':
../Core/Src/main.c:140:28: warning: pointer targets in passing argument 1 of 'terminal_receive' differ in signedness [-Wpointer-sign]
  140 |           terminal_receive(rxBuff, sizeof(rxBuff));
      |                            ^~~~~~
      |                            |
      |                            char *
In file included from ../Core/Src/main.c:29:
../Core/Inc/terminal.h:23:32: note: expected 'uint8_t *' {aka 'unsigned char *'} but argument is of type 'char *'
   23 | void terminal_receive(uint8_t *rxBuff, size_t size);
      |                       ~~~~~~~~~^~~~~~
arm-none-eabi-gcc -o "PD_Controller.elf" @"objects.list"   -mcpu=cortex-m0 -T"C:\Users\jotto\GitRepo\Servo-Control-Project\PD_Controller\STM32F072RBTX_FLASH.ld" --specs=nosys.specs -Wl,-Map="PD_Controller.map" -Wl,--gc-sections -static -u _printf_float --specs=nano.specs -mfloat-abi=soft -mthumb -Wl,--start-group -lc -lm -Wl,--end-group
Finished building target: PD_Controller.elf
 
arm-none-eabi-size  PD_Controller.elf 
arm-none-eabi-objdump -h -S PD_Controller.elf  > "PD_Controller.list"
   text	   data	    bss	    dec	    hex	filename
  45720	    468	   2652	  48840	   bec8	PD_Controller.elf
Finished building: default.size.stdout
 
Finished building: PD_Controller.list
 
15:26:54 **** Incremental Build of configuration Debug for project PD_Controller ****
make -j12 all 
arm-none-eabi-gcc "../Core/Src/main.c" -mcpu=cortex-m0 -std=gnu11 -g3 -DDEBUG -DUSE_HAL_DRIVER -DSTM32F072xB -c -I../Core/Inc -I../Drivers/STM32F0xx_HAL_Driver/Inc -I../Drivers/STM32F0xx_HAL_Driver/Inc/Legacy -I../Drivers/CMSIS/Device/ST/STM32F0xx/Include -I../Drivers/CMSIS/Include -O0 -ffunction-sections -fdata-sections -Wall -fstack-usage -fcyclomatic-complexity -MMD -MP -MF"Core/Src/main.d" -MT"Core/Src/main.o" --specs=nano.specs -mfloat-abi=soft -mthumb -o "Core/Src/main.o"
../Core/Src/main.c: In function 'main':
../Core/Src/main.c:140:28: warning: pointer targets in passing argument 1 of 'terminal_receive' differ in signedness [-Wpointer-sign]
  140 |           terminal_receive(rxBuff, sizeof(rxBuff));
      |                            ^~~~~~
      |                            |
      |                            char *
In file included from ../Core/Src/main.c:29:
../Core/Inc/terminal.h:23:32: note: expected 'uint8_t *' {aka 'unsigned char *'} but argument is of type 'char *'
   23 | void terminal_receive(uint8_t *rxBuff, size_t size);
      |                       ~~~~~~~~~^~~~~~
arm-none-eabi-gcc -o "PD_Controller.elf" @"objects.list"   -mcpu=cortex-m0 -T"C:\Users\jotto\GitRepo\Servo-Control-Project\PD_Controller\STM32F072RBTX_FLASH.ld" --specs=nosys.specs -Wl,-Map="PD_Controller.map" -Wl,--gc-sections -static -u _printf_float --specs=nano.specs -mfloat-abi=soft -mthumb -Wl,--start-group -lc -lm -Wl,--end-group
Finished building target: PD_Controller.elf
 
arm-none-eabi-size  PD_Controller.elf 
arm-none-eabi-objdump -h -S PD_Controller.elf  > "PD_Controller.list"
   text	   data	    bss	    dec	    hex	filename
  45716	    468	   2652	  48836	   bec4	PD_Controller.elf
Finished building: default.size.stdout
 
Finished building: PD_Controller.list
 
15:28:09 **** Incremental Build of configuration Debug for project PD_Controller ****
make -j12 all 
arm-none-eabi-gcc "../Core/Src/main.c" -mcpu=cortex-m0 -std=gnu11 -g3 -DDEBUG -DUSE_HAL_DRIVER -DSTM32F072xB -c -I../Core/Inc -I../Drivers/STM32F0xx_HAL_Driver/Inc -I../Drivers/STM32F0xx_HAL_Driver/Inc/Legacy -I../Drivers/CMSIS/Device/ST/STM32F0xx/Include -I../Drivers/CMSIS/Include -O0 -ffunction-sections -fdata-sections -Wall -fstack-usage -fcyclomatic-complexity -MMD -MP -MF"Core/Src/main.d" -MT"Core/Src/main.o" --specs=nano.specs -mfloat-abi=soft -mthumb -o "Core/Src/main.o"
../Core/Src/main.c: In function 'main':
../Core/Src/main.c:140:28: warning: pointer targets in passing argument 1 of 'terminal_receive' differ in signedness [-Wpointer-sign]
  140 |           terminal_receive(rxBuff, sizeof(rxBuff));
      |                            ^~~~~~
      |                            |
      |                            char *
In file included from ../Core/Src/main.c:29:
../Core/Inc/terminal.h:23:32: note: expected 'uint8_t *' {aka 'unsigned char *'} but argument is of type 'char *'
   23 | void terminal_receive(uint8_t *rxBuff, size_t size);
      |                       ~~~~~~~~~^~~~~~
arm-none-eabi-gcc -o "PD_Controller.elf" @"objects.list"   -mcpu=cortex-m0 -T"C:\Users\jotto\GitRepo\Servo-Control-Project\PD_Controller\STM32F072RBTX_FLASH.ld" --specs=nosys.specs -Wl,-Map="PD_Controller.map" -Wl,--gc-sections -static -u _printf_float --specs=nano.specs -mfloat-abi=soft -mthumb -Wl,--start-group -lc -lm -Wl,--end-group
Finished building target: PD_Controller.elf
 
arm-none-eabi-size  PD_Controller.elf 
arm-none-eabi-objdump -h -S PD_Controller.elf  > "PD_Controller.list"
   text	   data	    bss	    dec	    hex	filename
  45720	    468	   2652	  48840	   bec8	PD_Controller.elf
Finished building: default.size.stdout
 
Finished building: PD_Controller.list
 
15:28:46 **** Incremental Build of configuration Debug for project PD_Controller ****
make -j12 all 
arm-none-eabi-gcc "../Core/Src/main.c" -mcpu=cortex-m0 -std=gnu11 -g3 -DDEBUG -DUSE_HAL_DRIVER -DSTM32F072xB -c -I../Core/Inc -I../Drivers/STM32F0xx_HAL_Driver/Inc -I../Drivers/STM32F0xx_HAL_Driver/Inc/Legacy -I../Drivers/CMSIS/Device/ST/STM32F0xx/Include -I../Drivers/CMSIS/Include -O0 -ffunction-sections -fdata-sections -Wall -fstack-usage -fcyclomatic-complexity -MMD -MP -MF"Core/Src/main.d" -MT"Core/Src/main.o" --specs=nano.specs -mfloat-abi=soft -mthumb -o "Core/Src/main.o"
../Core/Src/main.c: In function 'main':
../Core/Src/main.c:140:28: warning: pointer targets in passing argument 1 of 'terminal_receive' differ in signedness [-Wpointer-sign]
  140 |           terminal_receive(rxBuff, sizeof(rxBuff));
      |                            ^~~~~~
      |                            |
      |                            char *
In file included from ../Core/Src/main.c:29:
../Core/Inc/terminal.h:23:32: note: expected 'uint8_t *' {aka 'unsigned char *'} but argument is of type 'char *'
   23 | void terminal_receive(uint8_t *rxBuff, size_t size);
      |                       ~~~~~~~~~^~~~~~
arm-none-eabi-gcc -o "PD_Controller.elf" @"objects.list"   -mcpu=cortex-m0 -T"C:\Users\jotto\GitRepo\Servo-Control-Project\PD_Controller\STM32F072RBTX_FLASH.ld" --specs=nosys.specs -Wl,-Map="PD_Controller.map" -Wl,--gc-sections -static -u _printf_float --specs=nano.specs -mfloat-abi=soft -mthumb -Wl,--start-group -lc -lm -Wl,--end-group
Finished building target: PD_Controller.elf
 
arm-none-eabi-size  PD_Controller.elf 
arm-none-eabi-objdump -h -S PD_Controller.elf  > "PD_Controller.list"
   text	   data	    bss	    dec	    hex	filename
  46016	    468	   2652	  49136	   bff0	PD_Controller.elf
Finished building: default.size.stdout
 
Finished building: PD_Controller.list
 
15:32:57 **** Incremental Build of configuration Debug for project PD_Controller ****
make -j12 all 
arm-none-eabi-gcc "../Core/Src/main.c" -mcpu=cortex-m0 -std=gnu11 -g3 -DDEBUG -DUSE_HAL_DRIVER -DSTM32F072xB -c -I../Core/Inc -I../Drivers/STM32F0xx_HAL_Driver/Inc -I../Drivers/STM32F0xx_HAL_Driver/Inc/Legacy -I../Drivers/CMSIS/Device/ST/STM32F0xx/Include -I../Drivers/CMSIS/Include -O0 -ffunction-sections -fdata-sections -Wall -fstack-usage -fcyclomatic-complexity -MMD -MP -MF"Core/Src/main.d" -MT"Core/Src/main.o" --specs=nano.specs -mfloat-abi=soft -mthumb -o "Core/Src/main.o"
../Core/Src/main.c: In function 'main':
../Core/Src/main.c:140:28: warning: pointer targets in passing argument 1 of 'terminal_receive' differ in signedness [-Wpointer-sign]
  140 |           terminal_receive(rxBuff, sizeof(rxBuff));
      |                            ^~~~~~
      |                            |
      |                            char *
In file included from ../Core/Src/main.c:29:
../Core/Inc/terminal.h:23:32: note: expected 'uint8_t *' {aka 'unsigned char *'} but argument is of type 'char *'
   23 | void terminal_receive(uint8_t *rxBuff, size_t size);
      |                       ~~~~~~~~~^~~~~~
arm-none-eabi-gcc -o "PD_Controller.elf" @"objects.list"   -mcpu=cortex-m0 -T"C:\Users\jotto\GitRepo\Servo-Control-Project\PD_Controller\STM32F072RBTX_FLASH.ld" --specs=nosys.specs -Wl,-Map="PD_Controller.map" -Wl,--gc-sections -static -u _printf_float --specs=nano.specs -mfloat-abi=soft -mthumb -Wl,--start-group -lc -lm -Wl,--end-group
Finished building target: PD_Controller.elf
 
arm-none-eabi-size  PD_Controller.elf 
arm-none-eabi-objdump -h -S PD_Controller.elf  > "PD_Controller.list"
   text	   data	    bss	    dec	    hex	filename
  46020	    468	   2652	  49140	   bff4	PD_Controller.elf
Finished building: default.size.stdout
 
Finished building: PD_Controller.list
 
15:35:44 **** Incremental Build of configuration Debug for project PD_Controller ****
make -j12 all 
arm-none-eabi-gcc "../Core/Src/main.c" -mcpu=cortex-m0 -std=gnu11 -g3 -DDEBUG -DUSE_HAL_DRIVER -DSTM32F072xB -c -I../Core/Inc -I../Drivers/STM32F0xx_HAL_Driver/Inc -I../Drivers/STM32F0xx_HAL_Driver/Inc/Legacy -I../Drivers/CMSIS/Device/ST/STM32F0xx/Include -I../Drivers/CMSIS/Include -O0 -ffunction-sections -fdata-sections -Wall -fstack-usage -fcyclomatic-complexity -MMD -MP -MF"Core/Src/main.d" -MT"Core/Src/main.o" --specs=nano.specs -mfloat-abi=soft -mthumb -o "Core/Src/main.o"
../Core/Src/main.c: In function 'main':
../Core/Src/main.c:140:28: warning: pointer targets in passing argument 1 of 'terminal_receive' differ in signedness [-Wpointer-sign]
  140 |           terminal_receive(rxBuff, sizeof(rxBuff));
      |                            ^~~~~~
      |                            |
      |                            char *
In file included from ../Core/Src/main.c:29:
../Core/Inc/terminal.h:23:32: note: expected 'uint8_t *' {aka 'unsigned char *'} but argument is of type 'char *'
   23 | void terminal_receive(uint8_t *rxBuff, size_t size);
      |                       ~~~~~~~~~^~~~~~
arm-none-eabi-gcc -o "PD_Controller.elf" @"objects.list"   -mcpu=cortex-m0 -T"C:\Users\jotto\GitRepo\Servo-Control-Project\PD_Controller\STM32F072RBTX_FLASH.ld" --specs=nosys.specs -Wl,-Map="PD_Controller.map" -Wl,--gc-sections -static -u _printf_float --specs=nano.specs -mfloat-abi=soft -mthumb -Wl,--start-group -lc -lm -Wl,--end-group
Finished building target: PD_Controller.elf
 
arm-none-eabi-size  PD_Controller.elf 
arm-none-eabi-objdump -h -S PD_Controller.elf  > "PD_Controller.list"
   text	   data	    bss	    dec	    hex	filename
  46020	    468	   2652	  49140	   bff4	PD_Controller.elf
Finished building: default.size.stdout
 
Finished building: PD_Controller.list
 
